[livedemo00.template-help.com/joomla_47434/index.html]
[backblue.gif]
[fade.gif]
[index.html]
[ajax.cloudflare.com/cdn-cgi/nexp/dok3v=900caa028b/cloudflare.min.js]
[livedemo00.template-help.com/joomla_47434/indexc0d0.php]
[livedemo00.template-help.com/joomla_47434/index7b17.php]
[livedemo00.template-help.com/joomla_47434/templates/theme1694/favicon.ico]
[livedemo00.template-help.com/joomla_47434/templates/theme1694/css/template.css]
[livedemo00.template-help.com/joomla_47434/templates/theme1694/css/default.css]
[livedemo00.template-help.com/joomla_47434/templates/theme1694/css/touch.gallery.css]
[livedemo00.template-help.com/joomla_47434/templates/theme1694/css/bootstrap.css]
[livedemo00.template-help.com/joomla_47434/templates/theme1694/css/responsive.css]
[livedemo00.template-help.com/joomla_47434/templates/theme1694/css/komento.css]
[livedemo00.template-help.com/joomla_47434/templates/theme1694/css/camera.css]
[livedemo00.template-help.com/joomla_47434/modules/mod_superfish_menu/css/superfish.css]
[livedemo00.template-help.com/joomla_47434/modules/mod_superfish_menu/css/superfish-navbar.css]
[livedemo00.template-help.com/joomla_47434/modules/mod_superfish_menu/css/superfish-vertical.css]
[livedemo00.template-help.com/joomla_47434/media/system/js/core.js]
[livedemo00.template-help.com/joomla_47434/media/system/js/caption.js]
[livedemo00.template-help.com/joomla_47434/media/system/js/mootools-core.js]
[livedemo00.template-help.com/joomla_47434/media/system/js/mootools-more.js]
[livedemo00.template-help.com/joomla_47434/media/jui/js/jquery.min.js]
[livedemo00.template-help.com/joomla_47434/templates/theme1694/js/jquery.mobile.customized.min.js]
[livedemo00.template-help.com/joomla_47434/templates/theme1694/js/jquery.easing.1.3.js]
[livedemo00.template-help.com/joomla_47434/media/jui/js/bootstrap.js]
[livedemo00.template-help.com/joomla_47434/templates/theme1694/js/jquery.isotope.min.js]
[livedemo00.template-help.com/joomla_47434/templates/theme1694/js/touch.gallery.js]
[livedemo00.template-help.com/joomla_47434/templates/theme1694/js/scripts.js]
[livedemo00.template-help.com/joomla_47434/modules/mod_image_swoop/js/camera.min.js]
[livedemo00.template-help.com/joomla_47434/modules/mod_image_swoop/js/jquery.mobile.customized.min.js]
[livedemo00.template-help.com/joomla_47434/modules/mod_image_swoop/js/jquery.easing.1.3.js]
[livedemo00.template-help.com/joomla_47434/modules/mod_superfish_menu/js/superfish.js]
[livedemo00.template-help.com/joomla_47434/modules/mod_superfish_menu/js/jquery.mobilemenu.js]
[livedemo00.template-help.com/joomla_47434/modules/mod_superfish_menu/js/jquery.hoverIntent.js]
[livedemo00.template-help.com/joomla_47434/modules/mod_superfish_menu/js/supersubs.js]
[livedemo00.template-help.com/joomla_47434/modules/mod_superfish_menu/js/sftouchscreen.js]
[livedemo00.template-help.com/joomla_47434/images/logo.png]
[livedemo00.template-help.com/joomla_47434/index.php/about.html]
[livedemo00.template-help.com/joomla_47434/index.php/about/history.html]
[livedemo00.template-help.com/joomla_47434/index.php/about/team.html]
[livedemo00.template-help.com/joomla_47434/index.php/about/team/testimonials.html]
[livedemo00.template-help.com/joomla_47434/index.php/about/faqs.html]
[livedemo00.template-help.com/joomla_47434/index.php/gallery.html]
[livedemo00.template-help.com/joomla_47434/index.php/news.html]
[livedemo00.template-help.com/joomla_47434/images/home/home-1.jpg]
[livedemo00.template-help.com/joomla_47434/index.php/contacts.html]
[livedemo00.template-help.com/joomla_47434/index.php/27-carousel/20-lorem-ipsum-dolor-sit-amet.html]
[livedemo00.template-help.com/joomla_47434/images/home/home-2.jpg]
[livedemo00.template-help.com/joomla_47434/index.php/27-carousel/21-lorem-ipsum-dolor-sit-amet-2.html]
[livedemo00.template-help.com/joomla_47434/images/home/home-3.jpg]
[livedemo00.template-help.com/joomla_47434/index.php/27-carousel/22-lorem-ipsum-dolor-sit-amet-3.html]
[livedemo00.template-help.com/joomla_47434/images/home/home-4.jpg]
[livedemo00.template-help.com/joomla_47434/index.php/27-carousel/23-lorem-ipsum-dolor-sit-amet-4.html]
[livedemo00.template-help.com/joomla_47434/index.php/services.html]
[livedemo00.template-help.com/joomla_47434/images/team/team-1.jpg]
[livedemo00.template-help.com/joomla_47434/index.php/1-home-morbi-tincidunt-sodales-neque-eu-rutrum.html]
[livedemo00.template-help.com/joomla_47434/images/team/team-2.jpg]
[livedemo00.template-help.com/joomla_47434/index.php/about/team/48-john-sommersmith.html]
[livedemo00.template-help.com/joomla_47434/index.php/about/team/49-tom-simpson.html]
[livedemo00.template-help.com/joomla_47434/index.php/38-latest-news/73-s-natoque-penatibus-et-gnis-dent-mo-ntessetuidiculu-nulladuice-feugiat.html]
[livedemo00.template-help.com/joomla_47434/index.php/38-latest-news/74-s-natoque-penatibus-et-gnis-dent-mo-ntessetuidiculu-nulladuice-feugiat-2.html]
[livedemo00.template-help.com/joomla_47434/index.html]
[livedemo00.template-help.com/joomla_47434/index.php/38-latest-news/75-s-natoque-penatibus-et-gnis-dent-mo-ntessetuidiculu-nulladuice-feugiat-3.html]
[livedemo00.template-help.com/joomla_47434/index.php/privacy-policy.html]
[livedemo00.template-help.com/joomla_47434/templates/theme1694/fonts/fontawesome-webfont3294.eot]
[livedemo00.template-help.com/joomla_47434/templates/theme1694/fonts/fontawesome-webfontd41d.eot]
[livedemo00.template-help.com/joomla_47434/templates/theme1694/fonts/fontawesome-webfont3294.woff]
[livedemo00.template-help.com/joomla_47434/templates/theme1694/css/bootstrap.css]
[livedemo00.template-help.com/joomla_47434/templates/theme1694/images/social/twitter.png]
[livedemo00.template-help.com/joomla_47434/templates/theme1694/images/social/facebook.png]
[livedemo00.template-help.com/joomla_47434/templates/theme1694/images/social/feed.png]
[livedemo00.template-help.com/joomla_47434/templates/theme1694/images/zoom.png]
[livedemo00.template-help.com/joomla_47434/templates/theme1694/images/up-arrow.png]
[livedemo00.template-help.com/joomla_47434/templates/theme1694/css/default.css]
[livedemo00.template-help.com/joomla_47434/templates/theme1694/fonts/fontawesome-webfont3294.ttf]
[livedemo00.template-help.com/joomla_47434/templates/theme1694/images/pag_prev.gif]
[livedemo00.template-help.com/joomla_47434/templates/theme1694/images/pag_next.gif]
[livedemo00.template-help.com/joomla_47434/templates/theme1694/images/texture.jpg]
[livedemo00.template-help.com/joomla_47434/templates/theme1694/images/menu_border.png]
[livedemo00.template-help.com/joomla_47434/templates/theme1694/images/list_marker.gif]
[livedemo00.template-help.com/joomla_47434/templates/theme1694/images/awards-icon1.png]
[livedemo00.template-help.com/joomla_47434/templates/theme1694/images/awards-icon2.png]
[livedemo00.template-help.com/joomla_47434/templates/theme1694/images/awards-icon3.png]
[livedemo00.template-help.com/joomla_47434/templates/theme1694/images/awards-icon4.png]
[livedemo00.template-help.com/joomla_47434/templates/theme1694/css/template.css]
[livedemo00.template-help.com/joomla_47434/templates/theme1694/images/system/preloader.gif]
[livedemo00.template-help.com/joomla_47434/templates/theme1694/images/gallery/arrows.png]
[livedemo00.template-help.com/joomla_47434/templates/theme1694/css/touch.gallery.css]
[livedemo00.template-help.com/joomla_47434/templates/theme1694/css/responsive.css]
[livedemo00.template-help.com/joomla_47434/templates/theme1694/css/komento.css]
[livedemo00.template-help.com/joomla_47434/templates/theme1694/images/blank.gif]
[livedemo00.template-help.com/joomla_47434/templates/theme1694/images/camera-loader.gif]
[livedemo00.template-help.com/joomla_47434/templates/theme1694/images/camera_skins.png]
[livedemo00.template-help.com/joomla_47434/templates/theme1694/css/camera.css]
[livedemo00.template-help.com/joomla_47434/modules/mod_superfish_menu/css/superfish.css]
[livedemo00.template-help.com/joomla_47434/modules/mod_superfish_menu/css/superfish-navbar.css]
[livedemo00.template-help.com/joomla_47434/modules/mod_superfish_menu/css/superfish-vertical.css]
[livedemo00.template-help.com/joomla_47434/media/system/js/mootools-core.js]
[livedemo00.template-help.com/joomla_47434/media/system/js/core.js]
[livedemo00.template-help.com/joomla_47434/media/system/js/caption.js]
[livedemo00.template-help.com/joomla_47434/media/system/js/mootools-more.js]
[livedemo00.template-help.com/joomla_47434/media/jui/js/jquery.min.js]
[livedemo00.template-help.com/joomla_47434/templates/theme1694/js/jquery.mobile.customized.min.js]
[livedemo00.template-help.com/joomla_47434/templates/theme1694/js/jquery.easing.1.3.js]
[livedemo00.template-help.com/joomla_47434/media/jui/js/bootstrap.js]
[livedemo00.template-help.com/joomla_47434/templates/theme1694/js/jquery.isotope.min.js]
[livedemo00.template-help.com/joomla_47434/templates/theme1694/js/touch.gallery.js]
[livedemo00.template-help.com/joomla_47434/templates/theme1694/js/scripts.js]
[livedemo00.template-help.com/joomla_47434/modules/mod_image_swoop/js/camera.min.js]
[livedemo00.template-help.com/joomla_47434/modules/mod_image_swoop/js/jquery.mobile.customized.min.js]
[livedemo00.template-help.com/joomla_47434/modules/mod_image_swoop/js/jquery.easing.1.3.js]
[livedemo00.template-help.com/joomla_47434/modules/mod_superfish_menu/js/superfish.js]
[livedemo00.template-help.com/joomla_47434/modules/mod_superfish_menu/js/jquery.mobilemenu.js]
[livedemo00.template-help.com/joomla_47434/modules/mod_superfish_menu/js/jquery.hoverIntent.js]
[livedemo00.template-help.com/joomla_47434/modules/mod_superfish_menu/js/supersubs.js]
[livedemo00.template-help.com/joomla_47434/modules/mod_superfish_menu/js/sftouchscreen.js]
[livedemo00.template-help.com/joomla_47434/images/slider/slide-1.jpg]
[livedemo00.template-help.com/joomla_47434/images/about-1.jpg]
[livedemo00.template-help.com/joomla_47434/images/hot/hot-1.jpg]
[livedemo00.template-help.com/joomla_47434/index.php/about/41-what-s-hot/51-omnis-iste-natus.html]
[livedemo00.template-help.com/joomla_47434/images/hot/hot-2.jpg]
[livedemo00.template-help.com/joomla_47434/index.php/about/41-what-s-hot/76-omnis-iste-natus-2.html]
[livedemo00.template-help.com/joomla_47434/images/hot/hot-3.jpg]
[livedemo00.template-help.com/joomla_47434/images/recipe-1.jpg]
[livedemo00.template-help.com/joomla_47434/index.php/about.html]
[livedemo00.template-help.com/joomla_47434/index.php/about/41-what-s-hot/77-omnis-iste-natus-3.html]
[livedemo00.template-help.com/joomla_47434/index.php/about/history/42-1998.html]
[livedemo00.template-help.com/joomla_47434/index.php/about/history/45-2009.html]
[livedemo00.template-help.com/joomla_47434/index.php/about/history/46-2011.html]
[livedemo00.template-help.com/joomla_47434/index.php/about/history.html]
[livedemo00.template-help.com/joomla_47434/index.php/about/team.html]
[livedemo00.template-help.com/joomla_47434/index.php/component/search/index226a.html]
[livedemo00.template-help.com/joomla_47434/index.php/about/history/47-2012.html]
[livedemo00.template-help.com/joomla_47434/index.php/about/history/44-2006.html]
[livedemo00.template-help.com/joomla_47434/media/jui/js/bootstrap.min.js]
[livedemo00.template-help.com/joomla_47434/index.php/username-reminder-request.html]
[livedemo00.template-help.com/joomla_47434/index.php/about/team/testimonials.html]
[livedemo00.template-help.com/joomla_47434/index.php/password-reset.html]
[livedemo00.template-help.com/joomla_47434/index.php/component/search/indexdfb5.html]
[livedemo00.template-help.com/joomla_47434/index.php/login-form4437.html]
[livedemo00.template-help.com/joomla_47434/index.php/about/faqs/58-question-1-aenean-varius-varius-tincidunt.html]
[livedemo00.template-help.com/joomla_47434/index.php/about/faqs/59-question-2-donec-quis-erat-id-risus-scelerisque.html]
[livedemo00.template-help.com/joomla_47434/index.php/about/faqs.html]
[livedemo00.template-help.com/joomla_47434/index.php/about/faqs/60-question-3-vestibulum-fermentum-massa-nec.html]
[livedemo00.template-help.com/joomla_47434/images/gallery/gallery-img1.jpg]
[livedemo00.template-help.com/joomla_47434/images/gallery/gallery-thumb1.jpg]
[livedemo00.template-help.com/joomla_47434/index.php/about/faqs/61-question-4-ut-sed-sapien-eu-libero-faucibus-posuere.html]
[livedemo00.template-help.com/joomla_47434/images/gallery/gallery-img2.jpg]
[livedemo00.template-help.com/joomla_47434/index.php/gallery-categories/first-gallery/26-suspendisse.html]
[livedemo00.template-help.com/joomla_47434/images/gallery/gallery-thumb2.jpg]
[livedemo00.template-help.com/joomla_47434/images/gallery/gallery-img3.jpg]
[livedemo00.template-help.com/joomla_47434/images/gallery/gallery-thumb3.jpg]
[livedemo00.template-help.com/joomla_47434/index.php/gallery-categories/first-gallery/35-morbi-eleifend.html]
[livedemo00.template-help.com/joomla_47434/index.php/gallery-categories/first-gallery/27-nulla-aliquet-libero.html]
[livedemo00.template-help.com/joomla_47434/images/gallery/gallery-img4.jpg]
[livedemo00.template-help.com/joomla_47434/images/gallery/gallery-thumb4.jpg]
[livedemo00.template-help.com/joomla_47434/images/gallery/gallery-img5.jpg]
[livedemo00.template-help.com/joomla_47434/index.php/gallery-categories/first-gallery/28-enim-ultrices.html]
[livedemo00.template-help.com/joomla_47434/images/gallery/gallery-thumb5.jpg]
[livedemo00.template-help.com/joomla_47434/images/gallery/gallery-img6.jpg]
[livedemo00.template-help.com/joomla_47434/index.php/gallery-categories/second-gallery/29-gallery-vivamus-libero.html]
[livedemo00.template-help.com/joomla_47434/images/gallery/gallery-thumb6.jpg]
[livedemo00.template-help.com/joomla_47434/images/gallery/gallery-img7.jpg]
[livedemo00.template-help.com/joomla_47434/images/gallery/gallery-thumb7.jpg]
[livedemo00.template-help.com/joomla_47434/index.php/gallery-categories/second-gallery/30-ut-at-erat-eu.html]
[livedemo00.template-help.com/joomla_47434/images/gallery/gallery-img9.jpg]
[livedemo00.template-help.com/joomla_47434/index.php/gallery-categories/second-gallery/33-aenean-quis.html]
[livedemo00.template-help.com/joomla_47434/images/gallery/gallery-thumb9.jpg]
[livedemo00.template-help.com/joomla_47434/images/gallery/gallery-img8.jpg]
[livedemo00.template-help.com/joomla_47434/index.php/gallery-categories/third-gallery/69-gallery-porta-arcu-sed.html]
[livedemo00.template-help.com/joomla_47434/images/gallery/gallery-thumb8.jpg]
[livedemo00.template-help.com/joomla_47434/index.php/gallery-categories/third-gallery/68-lorem-ipsum.html]
[livedemo00.template-help.com/joomla_47434/images/gallery/gallery-img10.jpg]
[livedemo00.template-help.com/joomla_47434/images/gallery/gallery-thumb10.jpg]
[livedemo00.template-help.com/joomla_47434/index.php/gallery.html]
[livedemo00.template-help.com/joomla_47434/components/com_komento/assets/css/common.css]
[livedemo00.template-help.com/joomla_47434/templates/theme1694/html/com_komento/css/style.css]
[livedemo00.template-help.com/joomla_47434/index.php/gallery-categories/third-gallery/70-cras-sed.html]
[livedemo00.template-help.com/joomla_47434/components/com_komento/assets/css/syntaxhighlighter/default.css]
[livedemo00.template-help.com/joomla_47434/media/foundry/2.1/scripts/foundry.js]
[livedemo00.template-help.com/joomla_47434/images/blog/blog-thumb1.jpg]
[livedemo00.template-help.com/joomla_47434/media/foundry/2.1/index.html]
[livedemo00.template-help.com/joomla_47434/index-2.html]
[livedemo00.template-help.com/joomla_47434/media/foundry/2.1/scripts/index.html]
[livedemo00.template-help.com/joomla_47434/images/blog/blog-thumb2.jpg]
[livedemo00.template-help.com/joomla_47434/index.php/blog-categories/blog-vivamus-luctus-lectus-sit/37-eget-tellus-non-erat-lacinia-fermentum-donec-in-velit-ve.html]
[livedemo00.template-help.com/joomla_47434/images/blog/blog-thumb3.jpg]
[livedemo00.template-help.com/joomla_47434/index.php/blog-categories/blog-in-neque-arcu-vulputate/36-quia-voluptas-sit-aspernatur-aut-odit-aut-fugit.html]
[livedemo00.template-help.com/joomla_47434/index.php/blog-categories/blog-donec-eu-elit-in-nisi/16-qui-dolorem-ipsum-quia-dolor-sit-amet-tempora-incidunt.html]
[livedemo00.template-help.com/joomla_47434/index.php/newsf0e5.html]
[livedemo00.template-help.com/joomla_47434/index.php/news034f.html]
[livedemo00.template-help.com/joomla_47434/index.php/blog-categories/blog-donec-eu-elit-in-nisi.html]
[livedemo00.template-help.com/joomla_47434/index.php/blog-categories/blog-in-neque-arcu-vulputate.html]
[livedemo00.template-help.com/joomla_47434/index.php/blog-categories/blog-quisque-gravida-purus-vitae.html]
[livedemo00.template-help.com/joomla_47434/index.php/blog-categories/blog-vivamus-luctus-lectus-sit.html]
[livedemo00.template-help.com/joomla_47434/index.php/blog-categories/blog-vivamus-congue-turpis-in-augue.html]
[livedemo00.template-help.com/joomla_47434/index.php/blog-categories/blog-curabitur-eu-dignissim-velit.html]
[livedemo00.template-help.com/joomla_47434/index.php/archives/2012d67a.html]
[livedemo00.template-help.com/joomla_47434/index.php/archives/2012c39d.html]
[livedemo00.template-help.com/joomla_47434/index.php/archives/2012733f.html]
[livedemo00.template-help.com/joomla_47434/index.php/archives/201265e7.html]
[livedemo00.template-help.com/joomla_47434/index.php/archives/20122780.html]
[livedemo00.template-help.com/joomla_47434/index.php/archives/2012bbf9.html]
[livedemo00.template-help.com/joomla_47434/index.php/news.html]
[livedemo00.template-help.com/joomla_47434/index.php/archives/2012226f.html]
[livedemo00.template-help.com/joomla_47434/media/plugin_googlemap2/site/googlemaps/googlemaps.css.css]
[livedemo00.template-help.com/joomla_47434/media/system/js/validate.js]
[livedemo00.template-help.com/joomla_47434/media/plugin_googlemap2/site/googleearthv3/googleearth.js]
[livedemo00.template-help.com/joomla_47434/media/plugin_googlemap2/site/googlemaps/googlemapsv3.js]
[livedemo00.template-help.com/joomla_47434/index.php/contacts.html]
[livedemo00.template-help.com/joomla_47434/index.php/Website Owner54d0.vcf]
[livedemo00.template-help.com/joomla_47434/index.php/27-carousel/20-lorem-ipsum-dolor-sit-amet.html]
[livedemo00.template-help.com/joomla_47434/index.php/27-carousel/21-lorem-ipsum-dolor-sit-amet-2.html]
[livedemo00.template-help.com/joomla_47434/index.php/27-carousel/22-lorem-ipsum-dolor-sit-amet-3.html]
[livedemo00.template-help.com/joomla_47434/index.php/27-carousel/23-lorem-ipsum-dolor-sit-amet-4.html]
[livedemo00.template-help.com/joomla_47434/index.php/services/24-lorem-ipsum-dolor-sit-amet.html]
[s7.addthis.com/js/300/addthis_widget.js]
[livedemo00.template-help.com/joomla_47434/index.php/services/71-lorem-ipsum-dolor-sit-amet-3.html]
[livedemo00.template-help.com/joomla_47434/index.php/services.html]
[livedemo00.template-help.com/joomla_47434/index.php/1-home-morbi-tincidunt-sodales-neque-eu-rutrum.html]
[livedemo00.template-help.com/joomla_47434/index.php/about/team/48-john-sommersmith.html]
[livedemo00.template-help.com/joomla_47434/index.php/about/team/49-tom-simpson.html]
[livedemo00.template-help.com/joomla_47434/index.php/services/25-lorem-ipsum-dolor-sit-amet-2.html]
[livedemo00.template-help.com/joomla_47434/index.php/38-latest-news/73-s-natoque-penatibus-et-gnis-dent-mo-ntessetuidiculu-nulladuice-feugiat.html]
[livedemo00.template-help.com/joomla_47434/index.php/38-latest-news/74-s-natoque-penatibus-et-gnis-dent-mo-ntessetuidiculu-nulladuice-feugiat-2.html]
[livedemo00.template-help.com/joomla_47434/index.php/38-latest-news/75-s-natoque-penatibus-et-gnis-dent-mo-ntessetuidiculu-nulladuice-feugiat-3.html]
[livedemo00.template-help.com/joomla_47434/index.php/privacy-policy.html]
[livedemo00.template-help.com/joomla_47434/index.php/about/41-what-s-hot/51-omnis-iste-natus.html]
[livedemo00.template-help.com/joomla_47434/index.php/about/41-what-s-hot/76-omnis-iste-natus-2.html]
[livedemo00.template-help.com/joomla_47434/index.php/about/41-what-s-hot/77-omnis-iste-natus-3.html]
[livedemo00.template-help.com/joomla_47434/index.php/about/history/42-1998.html]
[livedemo00.template-help.com/joomla_47434/index.php/about/history/45-2009.html]
[livedemo00.template-help.com/joomla_47434/index.php/about/history/43-2001.html]
[livedemo00.template-help.com/joomla_47434/index.php/about/history/43-2001.html]
[livedemo00.template-help.com/joomla_47434/index.php/about/history/46-2011.html]
[livedemo00.template-help.com/joomla_47434/index.php/about/history/44-2006.html]
[livedemo00.template-help.com/joomla_47434/index.php/about/history/47-2012.html]
[livedemo00.template-help.com/joomla_47434/media/jui/js/jquery-noconflict.js]
[livedemo00.template-help.com/joomla_47434/media/jui/js/bootstrap.min.js]
[livedemo00.template-help.com/joomla_47434/index.php/username-reminder-request.html]
[livedemo00.template-help.com/joomla_47434/index.php/password-reset.html]
[livedemo00.template-help.com/joomla_47434/index.php/services/72-lorem-ipsum-dolor-sit-amet-4.html]
[livedemo00.template-help.com/joomla_47434/index.php/login-form4437.html]
[livedemo00.template-help.com/joomla_47434/index.php/about/faqs/58-question-1-aenean-varius-varius-tincidunt.html]
[livedemo00.template-help.com/joomla_47434/index.php/about/faqs/59-question-2-donec-quis-erat-id-risus-scelerisque.html]
[livedemo00.template-help.com/joomla_47434/index.php/about/faqs/60-question-3-vestibulum-fermentum-massa-nec.html]
[livedemo00.template-help.com/joomla_47434/index.php/component/search/indexb332.html]
[livedemo00.template-help.com/joomla_47434/index.php/about/faqs/61-question-4-ut-sed-sapien-eu-libero-faucibus-posuere.html]
[livedemo00.template-help.com/joomla_47434/index.php/component/search/index6525.html]
[livedemo00.template-help.com/joomla_47434/index.php/gallery-categories/first-gallery/26-suspendisse.html]
[livedemo00.template-help.com/joomla_47434/index.php/gallery-categories/first-gallery/35-morbi-eleifend.html]
[livedemo00.template-help.com/joomla_47434/index.php/gallery-categories/first-gallery/27-nulla-aliquet-libero.html]
[livedemo00.template-help.com/joomla_47434/index.php/gallery-categories/first-gallery/28-enim-ultrices.html]
[livedemo00.template-help.com/joomla_47434/index.php/gallery-categories/second-gallery/29-gallery-vivamus-libero.html]
[livedemo00.template-help.com/joomla_47434/index.php/gallery-categories/second-gallery/30-ut-at-erat-eu.html]
[livedemo00.template-help.com/joomla_47434/index.php/gallery-categories/second-gallery/33-aenean-quis.html]
[livedemo00.template-help.com/joomla_47434/index.php/gallery-categories/third-gallery/69-gallery-porta-arcu-sed.html]
[livedemo00.template-help.com/joomla_47434/index.php/gallery-categories/third-gallery/68-lorem-ipsum.html]
[livedemo00.template-help.com/joomla_47434/index.php/gallery-categories/third-gallery/70-cras-sed.html]
[livedemo00.template-help.com/joomla_47434/index.php/component/search/index2a4b.html]
[livedemo00.template-help.com/joomla_47434/index.php/login-form.html]
[livedemo00.template-help.com/joomla_47434/components/com_komento/assets/images/ui-button.png]
[livedemo00.template-help.com/joomla_47434/index.php/component/search/index6f36.html]
[livedemo00.template-help.com/joomla_47434/components/com_komento/assets/icons/message-warn.png]
[livedemo00.template-help.com/joomla_47434/components/com_komento/assets/icons/message-info.png]
[livedemo00.template-help.com/joomla_47434/components/com_komento/assets/icons/message-alert.png]
[livedemo00.template-help.com/joomla_47434/components/com_komento/assets/icons/message-tick.png]
[livedemo00.template-help.com/joomla_47434/components/com_komento/assets/images/dialog/shade.png]
[livedemo00.template-help.com/joomla_47434/components/com_komento/assets/images/dialog/closeme.png]
[livedemo00.template-help.com/joomla_47434/components/com_komento/assets/images/dialog/button.png]
[livedemo00.template-help.com/joomla_47434/components/com_komento/assets/images/loader.gif]
[livedemo00.template-help.com/joomla_47434/components/com_komento/assets/vendors/ratings/stars.png]
[livedemo00.template-help.com/joomla_47434/components/com_komento/assets/images/taptoggle.png]
[livedemo00.template-help.com/joomla_47434/components/com_komento/assets/icons/calendar.png]
[livedemo00.template-help.com/joomla_47434/components/com_komento/assets/icons/arrow-right.png]
[livedemo00.template-help.com/joomla_47434/components/com_komento/assets/images/ui-tagx.png]
[livedemo00.template-help.com/joomla_47434/components/com_komento/assets/images/j_button2_left.png]
[livedemo00.template-help.com/joomla_47434/components/com_komento/assets/images/j_button2_right.png]
[livedemo00.template-help.com/joomla_47434/components/com_komento/assets/images/j_button2_image.png]
[livedemo00.template-help.com/joomla_47434/components/com_komento/assets/images/j_button2_pagebreak.png]
[livedemo00.template-help.com/joomla_47434/components/com_komento/assets/images/j_button2_blank.png]
[livedemo00.template-help.com/joomla_47434/components/com_komento/assets/images/j_button2_right_cap.png]
[livedemo00.template-help.com/joomla_47434/components/com_komento/assets/images/j_button2_readmore.png]
[livedemo00.template-help.com/joomla_47434/components/com_komento/assets/images/videos/youtube.png]
[livedemo00.template-help.com/joomla_47434/components/com_komento/assets/images/videos/vimeo.png]
[livedemo00.template-help.com/joomla_47434/components/com_komento/assets/images/videos/dailymotion.png]
[livedemo00.template-help.com/joomla_47434/components/com_komento/assets/images/videos/google.png]
[livedemo00.template-help.com/joomla_47434/components/com_komento/assets/images/videos/liveleak.png]
[livedemo00.template-help.com/joomla_47434/components/com_komento/assets/images/videos/metacafe.png]
[livedemo00.template-help.com/joomla_47434/components/com_komento/assets/images/videos/nicovideo.png]
[livedemo00.template-help.com/joomla_47434/components/com_komento/assets/images/videos/yahoo.png]
[livedemo00.template-help.com/joomla_47434/components/com_komento/assets/css/common.css]
[livedemo00.template-help.com/joomla_47434/templates/theme1694/html/com_komento/images/quote.png]
[livedemo00.template-help.com/joomla_47434/templates/theme1694/html/com_komento/images/time.png]
[livedemo00.template-help.com/joomla_47434/templates/theme1694/html/com_komento/images/control-sprite.png]
[livedemo00.template-help.com/joomla_47434/templates/theme1694/html/com_komento/images/loader.gif]
[livedemo00.template-help.com/joomla_47434/templates/theme1694/html/com_komento/images/stream.reply.png]
[livedemo00.template-help.com/joomla_47434/templates/theme1694/html/com_komento/images/stream.pin.png]
[livedemo00.template-help.com/joomla_47434/templates/theme1694/html/com_komento/images/stream.popular.png]
[livedemo00.template-help.com/joomla_47434/templates/theme1694/html/com_komento/images/location.pin.png]
[livedemo00.template-help.com/joomla_47434/templates/theme1694/html/com_komento/images/word.count.png]
[livedemo00.template-help.com/joomla_47434/templates/theme1694/html/com_komento/images/mime.png]
[livedemo00.template-help.com/joomla_47434/templates/theme1694/html/com_komento/images/markitup/menu.png]
[livedemo00.template-help.com/joomla_47434/templates/theme1694/html/com_komento/images/markitup/submenu.png]
[livedemo00.template-help.com/joomla_47434/templates/theme1694/html/com_komento/images/markitup/bold.png]
[livedemo00.template-help.com/joomla_47434/templates/theme1694/html/com_komento/images/markitup/italic.png]
[livedemo00.template-help.com/joomla_47434/templates/theme1694/html/com_komento/images/markitup/underline.png]
[livedemo00.template-help.com/joomla_47434/templates/theme1694/html/com_komento/images/markitup/link.png]
[livedemo00.template-help.com/joomla_47434/templates/theme1694/html/com_komento/images/markitup/picture.png]
[livedemo00.template-help.com/joomla_47434/templates/theme1694/html/com_komento/images/markitup/video.png]
[livedemo00.template-help.com/joomla_47434/templates/theme1694/html/com_komento/images/markitup/list-bullet.png]
[livedemo00.template-help.com/joomla_47434/templates/theme1694/html/com_komento/images/markitup/list-numeric.png]
[livedemo00.template-help.com/joomla_47434/templates/theme1694/html/com_komento/images/markitup/list-item.png]
[livedemo00.template-help.com/joomla_47434/templates/theme1694/html/com_komento/images/markitup/quotes.png]
[livedemo00.template-help.com/joomla_47434/templates/theme1694/html/com_komento/images/markitup/code.png]
[livedemo00.template-help.com/joomla_47434/templates/theme1694/html/com_komento/images/markitup/emoticon-smile.png]
[livedemo00.template-help.com/joomla_47434/templates/theme1694/html/com_komento/images/markitup/emoticon-happy.png]
[livedemo00.template-help.com/joomla_47434/templates/theme1694/html/com_komento/images/markitup/emoticon-surprised.png]
[livedemo00.template-help.com/joomla_47434/templates/theme1694/html/com_komento/images/markitup/emoticon-tongue.png]
[livedemo00.template-help.com/joomla_47434/templates/theme1694/html/com_komento/images/markitup/emoticon-unhappy.png]
[livedemo00.template-help.com/joomla_47434/templates/theme1694/html/com_komento/images/markitup/emoticon-wink.png]
[livedemo00.template-help.com/joomla_47434/templates/theme1694/html/com_komento/images/markitup/clean.png]
[livedemo00.template-help.com/joomla_47434/templates/theme1694/html/com_komento/images/markitup/preview.png]
[livedemo00.template-help.com/joomla_47434/templates/theme1694/html/com_komento/images/markitup/handle.png]
[livedemo00.template-help.com/joomla_47434/templates/theme1694/html/com_komento/images/verified.png]
[livedemo00.template-help.com/joomla_47434/templates/theme1694/html/com_komento/images/last.login.png]
[livedemo00.template-help.com/joomla_47434/templates/theme1694/html/com_komento/images/stream.chat.png]
[livedemo00.template-help.com/joomla_47434/templates/theme1694/html/com_komento/images/stream.heart.png]
[livedemo00.template-help.com/joomla_47434/templates/theme1694/html/com_komento/images/ico-hits.png]
[livedemo00.template-help.com/joomla_47434/templates/theme1694/html/com_komento/images/ico-readmore.png]
[livedemo00.template-help.com/joomla_47434/templates/theme1694/html/com_komento/images/ico-locked-big.png]
[livedemo00.template-help.com/joomla_47434/templates/theme1694/html/com_komento/images/icon-error.png]
[livedemo00.template-help.com/joomla_47434/templates/theme1694/html/com_komento/css/style.css]
[livedemo00.template-help.com/joomla_47434/components/com_komento/assets/css/syntaxhighlighter/default.css]
[livedemo00.template-help.com/joomla_47434/media/foundry/2.1/scripts/foundry.js]
[livedemo00.template-help.com/joomla_47434/media/com_komento/scripts/abstract.js]
[livedemo00.template-help.com/joomla_47434/index-2.html]
[livedemo00.template-help.com/joomla_47434/media/foundry/2.1/index.html]
[livedemo00.template-help.com/joomla_47434/media/foundry/2.1/scripts/index.html]
[livedemo00.template-help.com/joomla_47434/index.php/blog-categories/blog-vivamus-luctus-lectus-sit/37-eget-tellus-non-erat-lacinia-fermentum-donec-in-velit-ve.html]
[livedemo00.template-help.com/joomla_47434/index.php/blog-categories/blog-in-neque-arcu-vulputate/36-quia-voluptas-sit-aspernatur-aut-odit-aut-fugit.html]
[livedemo00.template-help.com/joomla_47434/index.php/blog-categories/blog-donec-eu-elit-in-nisi/16-qui-dolorem-ipsum-quia-dolor-sit-amet-tempora-incidunt.html]
[livedemo00.template-help.com/joomla_47434/images/blog/blog-thumb4.jpg]
[livedemo00.template-help.com/joomla_47434/images/blog/blog-thumb5.jpg]
[livedemo00.template-help.com/joomla_47434/index.php/blog-categories/blog-vivamus-luctus-lectus-sit/39-nulla-consectetur-adipiscing-metus.html]
[livedemo00.template-help.com/joomla_47434/images/blog/blog-thumb6.jpg]
[livedemo00.template-help.com/joomla_47434/index.php/blog-categories/blog-quisque-gravida-purus-vitae/38-placerat-adipiscing-lorem.html]
[livedemo00.template-help.com/joomla_47434/index.php/blog-categories/blog-curabitur-eu-dignissim-velit/40-proin-eget-quam-urna-vitae.html]
[livedemo00.template-help.com/joomla_47434/index.php/newsf0e5.html]
[livedemo00.template-help.com/joomla_47434/images/blog/blog-thumb7.jpg]
[livedemo00.template-help.com/joomla_47434/index.php/news501f.html]
[livedemo00.template-help.com/joomla_47434/images/blog/blog-thumb8.jpg]
[livedemo00.template-help.com/joomla_47434/index.php/blog-categories/blog-donec-eu-elit-in-nisi/15-aenean-nec-semper-sem-ut-quis.html]
[livedemo00.template-help.com/joomla_47434/index.php/news034f.html]
[livedemo00.template-help.com/joomla_47434/index.php/blog-categories/blog-donec-eu-elit-in-nisi.html]
[livedemo00.template-help.com/joomla_47434/index.php/blog-categories/blog-in-neque-arcu-vulputate.html]
[livedemo00.template-help.com/joomla_47434/index.php/blog-categories/blog-quisque-gravida-purus-vitae.html]
[livedemo00.template-help.com/joomla_47434/index.php/blog-categories/blog-vivamus-luctus-lectus-sit.html]
[livedemo00.template-help.com/joomla_47434/index.php/blog-categories/blog-vivamus-congue-turpis-in-augue.html]
[livedemo00.template-help.com/joomla_47434/index.php/blog-categories/blog-curabitur-eu-dignissim-velit.html]
[livedemo00.template-help.com/joomla_47434/index.php/archives/2012d67a.html]
[livedemo00.template-help.com/joomla_47434/index.php/blog-categories/blog-vivamus-congue-turpis-in-augue/41-vestibulum-commodo-mollis.html]
[livedemo00.template-help.com/joomla_47434/index.php/archivesa23d.html]
[livedemo00.template-help.com/joomla_47434/index.php/archives/2-uncategorised/11-archive-cras-ligula-nisi-interdum-et-vulputate-nec.html]
[livedemo00.template-help.com/joomla_47434/index.php/archivesa8a2.html]
[livedemo00.template-help.com/joomla_47434/index.php/archives/2012c39d.html]
[livedemo00.template-help.com/joomla_47434/index.php/archives/2-uncategorised/13-archive-enim-mi-posuere-augue-id-porttitor-leo-sapien-sed-libero.html]
[livedemo00.template-help.com/joomla_47434/index.php/archives/2012733f.html]
[livedemo00.template-help.com/joomla_47434/index.php/archivesc1c5.html]
[livedemo00.template-help.com/joomla_47434/index.php/archives/2-uncategorised/12-archive-nullam-mauris-arcu-malesuada-eu-consectetur-non.html]
[livedemo00.template-help.com/joomla_47434/index.php/archives/201265e7.html]
[livedemo00.template-help.com/joomla_47434/index.php/archives5dcd.html]
[livedemo00.template-help.com/joomla_47434/index.php/archives/2-uncategorised/10-home-praesent-et-enim-a-nisl-commodo-sodales-non.html]
[livedemo00.template-help.com/joomla_47434/index.php/archives/20122780.html]
[livedemo00.template-help.com/joomla_47434/index.php/archives5795.html]
[livedemo00.template-help.com/joomla_47434/index.php/archives/2-uncategorised/9-home-morbi-tincidunt-sodales-neque-eu-rutrum.html]
[livedemo00.template-help.com/joomla_47434/index.php/archives/2012bbf9.html]
[livedemo00.template-help.com/joomla_47434/index.php/archives5acf.html]
[livedemo00.template-help.com/joomla_47434/index.php/archives/2-uncategorised/7-archive-aliquam-erat-volutpat-pellentesque-non-libero.html]
[livedemo00.template-help.com/joomla_47434/index.php/archives/2012226f.html]
[livedemo00.template-help.com/joomla_47434/media/plugin_googlemap2/site/googlemaps/googlemaps.css.css]
[livedemo00.template-help.com/joomla_47434/media/system/js/validate.js]
[livedemo00.template-help.com/joomla_47434/media/plugin_googlemap2/site/googleearthv3/googleearth.js]
[livedemo00.template-help.com/joomla_47434/media/plugin_googlemap2/site/googlemaps/googlemapsv3.js]
[livedemo00.template-help.com/joomla_47434/index.php/Website Owner54d0.vcf]
[livedemo00.template-help.com/joomla_47434/index.php/services/24-lorem-ipsum-dolor-sit-amet.html]
[livedemo00.template-help.com/joomla_47434/index.php/services/71-lorem-ipsum-dolor-sit-amet-3.html]
[livedemo00.template-help.com/joomla_47434/index.php/services/25-lorem-ipsum-dolor-sit-amet-2.html]
[livedemo00.template-help.com/joomla_47434/index.php/services/72-lorem-ipsum-dolor-sit-amet-4.html]
[livedemo00.template-help.com/joomla_47434/index.php/archives859e.html]
[livedemo00.template-help.com/joomla_47434/index.php/login-form.html]
[livedemo00.template-help.com/joomla_47434/components/com_komento/assets/images/ui-button.html]
[livedemo00.template-help.com/joomla_47434/components/com_komento/assets/icons/message-warn.html]
[livedemo00.template-help.com/joomla_47434/components/com_komento/assets/icons/message-info.html]
[livedemo00.template-help.com/joomla_47434/components/com_komento/assets/icons/message-alert.html]
[livedemo00.template-help.com/joomla_47434/components/com_komento/assets/icons/message-tick.html]
[livedemo00.template-help.com/joomla_47434/components/com_komento/assets/images/dialog/shade.html]
[livedemo00.template-help.com/joomla_47434/components/com_komento/assets/images/dialog/closeme.html]
[livedemo00.template-help.com/joomla_47434/components/com_komento/assets/images/dialog/button.html]
[livedemo00.template-help.com/joomla_47434/components/com_komento/assets/images/taptoggle.html]
[livedemo00.template-help.com/joomla_47434/components/com_komento/assets/icons/calendar.html]
[livedemo00.template-help.com/joomla_47434/components/com_komento/assets/icons/arrow-right.html]
[livedemo00.template-help.com/joomla_47434/components/com_komento/assets/images/ui-tagx.html]
[livedemo00.template-help.com/joomla_47434/components/com_komento/assets/images/j_button2_left.html]
[livedemo00.template-help.com/joomla_47434/components/com_komento/assets/images/j_button2_right.html]
[livedemo00.template-help.com/joomla_47434/components/com_komento/assets/images/j_button2_image.html]
[livedemo00.template-help.com/joomla_47434/components/com_komento/assets/images/j_button2_pagebreak.html]
[livedemo00.template-help.com/joomla_47434/components/com_komento/assets/images/j_button2_blank.html]
[livedemo00.template-help.com/joomla_47434/components/com_komento/assets/images/j_button2_right_cap.html]
[livedemo00.template-help.com/joomla_47434/components/com_komento/assets/images/j_button2_readmore.html]
[livedemo00.template-help.com/joomla_47434/index.php/blog-categories/blog-vivamus-luctus-lectus-sit/39-nulla-consectetur-adipiscing-metus.html]
[livedemo00.template-help.com/joomla_47434/index.php/blog-categories/blog-quisque-gravida-purus-vitae/38-placerat-adipiscing-lorem.html]
[livedemo00.template-help.com/joomla_47434/index.php/blog-categories/blog-curabitur-eu-dignissim-velit/40-proin-eget-quam-urna-vitae.html]
[livedemo00.template-help.com/joomla_47434/index.php/news501f.html]
[livedemo00.template-help.com/joomla_47434/index.php/blog-categories/blog-donec-eu-elit-in-nisi/15-aenean-nec-semper-sem-ut-quis.html]
[livedemo00.template-help.com/joomla_47434/index.php/blog-categories/blog-vivamus-congue-turpis-in-augue/41-vestibulum-commodo-mollis.html]
[livedemo00.template-help.com/joomla_47434/index.php/archivesa23d.html]
[livedemo00.template-help.com/joomla_47434/index.php/archives/2-uncategorised/11-archive-cras-ligula-nisi-interdum-et-vulputate-nec.html]
[livedemo00.template-help.com/joomla_47434/index.php/archives/2-uncategorised/8-home-class-aptent-taciti-sociosqu-ad-litora-torquent-2.html]
[livedemo00.template-help.com/joomla_47434/index.php/archivesa8a2.html]
[livedemo00.template-help.com/joomla_47434/index.php/archives/2-uncategorised/13-archive-enim-mi-posuere-augue-id-porttitor-leo-sapien-sed-libero.html]
[livedemo00.template-help.com/joomla_47434/index.php/archivesd00c.html]
[livedemo00.template-help.com/joomla_47434/index.php/archivesc1c5.html]
[livedemo00.template-help.com/joomla_47434/index.php/archives/2-uncategorised/12-archive-nullam-mauris-arcu-malesuada-eu-consectetur-non.html]
[livedemo00.template-help.com/joomla_47434/index.php/archives19d3.html]
[livedemo00.template-help.com/joomla_47434/index.php/archives5dcd.html]
[livedemo00.template-help.com/joomla_47434/index.php/archives/2-uncategorised/10-home-praesent-et-enim-a-nisl-commodo-sodales-non.html]
[livedemo00.template-help.com/joomla_47434/index.php/archives0eb1.html]
[livedemo00.template-help.com/joomla_47434/index.php/archives9d09.html]
[livedemo00.template-help.com/joomla_47434/index.php/archives5795.html]
[livedemo00.template-help.com/joomla_47434/index.php/archives/2-uncategorised/9-home-morbi-tincidunt-sodales-neque-eu-rutrum.html]
[livedemo00.template-help.com/joomla_47434/index.php/archives5acf.html]
[livedemo00.template-help.com/joomla_47434/index.php/archives/2-uncategorised/7-archive-aliquam-erat-volutpat-pellentesque-non-libero.html]
[livedemo00.template-help.com/joomla_47434/index.php/archivesba03.html]
[livedemo00.template-help.com/joomla_47434/index.php/archivesbd25.html]
[livedemo00.template-help.com/joomla_47434/index.php/archives859e.html]
[livedemo00.template-help.com/joomla_47434/index.php/archives/2-uncategorised/8-home-class-aptent-taciti-sociosqu-ad-litora-torquent-2.html]
[livedemo00.template-help.com/joomla_47434/index.php/archivesd00c.html]
[livedemo00.template-help.com/joomla_47434/index.php/archives19d3.html]
[livedemo00.template-help.com/joomla_47434/index.php/archives0eb1.html]
[livedemo00.template-help.com/joomla_47434/index.php/archives9d09.html]
[livedemo00.template-help.com/joomla_47434/index.php/archivesba03.html]
[livedemo00.template-help.com/joomla_47434/index.php/archivesbd25.html]
[livedemo00.template-help.com/joomla_47434/index.php/archivesed3b.html]
[livedemo00.template-help.com/joomla_47434/index.php/archivesed3b.html]
